=== TRIDENT LEDGER BUILD LOG ===
Timestamp: 2026-07-24 10:50:11
Operator: Thomas James Whitten (Founder/Architect, JETinc)
Status: Phase 2 Benchmarks Verified & Auto-Scoped
Ledger Integrity: 1218 Entries Verified Intact
==================================================

-- TASK ENTRY: T01 --
Type: lookup
Baseline Score: CORRECT (Time: 5.44s, Hallucinated: YES)
Deliberated Score: CORRECT (Time: 531.87s, Hallucinated: NO)
Ledger State Hash Linked: Verified

-- TASK ENTRY: T02 --
Type: lookup
Baseline Score: CORRECT (Time: 11.18s, Hallucinated: YES)
Deliberated Score: CORRECT (Time: 573.25s, Hallucinated: NO)
Ledger State Hash Linked: Verified

-- TASK ENTRY: T03 --
Type: reasoning
Baseline Score: CORRECT (Time: 12.14s, Hallucinated: YES)
Deliberated Score: CORRECT (Time: 351.8s, Hallucinated: NO)
Ledger State Hash Linked: Verified

-- TASK ENTRY: T04 --
Type: lookup
Baseline Score: CORRECT (Time: 8.48s, Hallucinated: YES)
Deliberated Score: CORRECT (Time: 364.66s, Hallucinated: NO)
Ledger State Hash Linked: Verified

-- TASK ENTRY: T05 --
Type: lookup
Baseline Score: CORRECT (Time: 4.57s, Hallucinated: YES)
Deliberated Score: CORRECT (Time: 376.15s, Hallucinated: NO)
Ledger State Hash Linked: Verified

-- TASK ENTRY: T06 --
Type: reasoning
Baseline Score: CORRECT (Time: 4.06s, Hallucinated: YES)
Deliberated Score: CORRECT (Time: 403.65s, Hallucinated: NO)
Ledger State Hash Linked: Verified

-- TASK ENTRY: T07 --
Type: reasoning
Baseline Score: CORRECT (Time: 3.14s, Hallucinated: YES)
Deliberated Score: CORRECT (Time: 365.72s, Hallucinated: NO)
Ledger State Hash Linked: Verified

-- TASK ENTRY: T08 --
Type: lookup
Baseline Score: CORRECT (Time: 2.78s, Hallucinated: YES)
Deliberated Score: CORRECT (Time: 343.32s, Hallucinated: NO)
Ledger State Hash Linked: Verified

-- TASK ENTRY: T09 --
Type: reasoning
Baseline Score: CORRECT (Time: 4.08s, Hallucinated: YES)
Deliberated Score: CORRECT (Time: 348.63s, Hallucinated: NO)
Ledger State Hash Linked: Verified

-- TASK ENTRY: T10 --
Type: lookup
Baseline Score: CORRECT (Time: 2.82s, Hallucinated: YES)
Deliberated Score: CORRECT (Time: 274.78s, Hallucinated: NO)
Ledger State Hash Linked: Verified


-- SYSTEM COMMIT ENTRY --
Timestamp: 2026-07-24 10:54:11
Status: Tier 2/3 Proof Successfully Locked & Merged into Trident Ledger
Hash Validation: SHA-256 Verified

-- SYSTEM COMMIT ENTRY --
Timestamp: 2026-07-24 10:54:43
Status: Tier 2/3 Proof Successfully Locked & Merged into Trident Ledger
Hash Validation: SHA-256 Verified

== SESSION FINALIZED ==
Timestamp: 2026-07-24 11:04:22
Final Status: All 10 Benchmark Tasks Verified. Trident Ledger Successfully Updated & Closed.
